User: owprovdr

readDirectory
  .
  ..
  app-exists
  bar
  foo
  in-out-exists
  in-out-exists-ate
  in-out-trunc-exists
  link-exists
  out-exists
  out-trunc-exists
  rename1
  rename2
  these-are-the-link-contents
  unlink-exists

readDirectory
  app-exists
  bar
  foo
  in-out-exists
  in-out-exists-ate
  in-out-trunc-exists
  link-exists
  out-exists
  out-trunc-exists
  rename1
  rename2
  these-are-the-link-contents
  unlink-exists

readDirectory
Exception:
  type: PrivilegeManagerException
  msg:  CheckException: PrivilegeManager::readDirectory: could not read /dir/doesnt/exist/

readDirectory
Exception:
  type: PrivilegeManagerException
  msg:  CheckException: PrivilegeManager::readDirectory: could not read /dir/doesnt/exist/

readLink
  ./these-are-the-link-contents

readLink
Exception:
  type: PrivilegeManagerException
  msg:  FileSystemException: /montest-689acb0e1ec89f45-7085a2a1780f5f42/test_dir/link-doesnt-exist: 2(No such file or directory)

rename

rename
Exception:
  type: PrivilegeManagerException
  msg:  CheckException: PrivilegeManager::rename: could not rename /montest-689acb0e1ec89f45-7085a2a1780f5f42/test_dir/rename2 to /dir/doesnt/exist/rename-to

rename
Exception:
  type: PrivilegeManagerException
  msg:  CheckException: PrivilegeManager::rename: could not rename /dir/doesnt/exist/rename to /montest-689acb0e1ec89f45-7085a2a1780f5f42/test_dir/rename-to

rename
Exception:
  type: PrivilegeManagerException
  msg:  CheckException: PrivilegeManager::rename: could not rename /montest-689acb0e1ec89f45-7085a2a1780f5f42/test_dir/no-such-file to /montest-689acb0e1ec89f45-7085a2a1780f5f42/test_dir/rename-to

unlink
1

unlink
0

unlink
0

open
  Hokey smokes, Bullwinkle!


open

open

open

open

open

open

open
  xxxtle Bo Peep has lost her sheep


open
Exception:
  type: PrivilegeManagerException
  msg:  CheckException: PrivilegeManager::open: 2(No such file or directory)

open
  yyy

open
  This-is-the-song-that-never-ends

open
  Little Bo Peep has lost her sheep
xxx
