argv:
  montest;
  arg1;
  arg2;
environ:
  XPATH=XXX;
  IFS= ;
  XPATH=XXX;
  XPATH=XXX;
  OW_PRIVILEGE_MONITOR_DESCRIPTOR=XXX;
  PATH=/bin;
  XPATH=XXX;
  foo=bar;
User: owprovdr

readDirectory
Exception:
  type: PrivilegeManagerException
  msg:  CheckException: readDirectory: insufficient privileges

readDirectory
Exception:
  type: IPCIOException

readDirectory
Exception:
  type: IPCIOException

readDirectory
Exception:
  type: IPCIOException

rename
Exception:
  type: IPCIOException

rename
Exception:
  type: IPCIOException

rename
Exception:
  type: IPCIOException

rename
Exception:
  type: IPCIOException

unlink
Exception:
  type: IPCIOException

unlink
Exception:
  type: IPCIOException

unlink
Exception:
  type: IPCIOException

open
Exception:
  type: IPCIOException

open
Exception:
  type: IPCIOException

open
Exception:
  type: IPCIOException

open
Exception:
  type: IPCIOException

open
Exception:
  type: IPCIOException

open
Exception:
  type: IPCIOException

open
Exception:
  type: IPCIOException

open
Exception:
  type: IPCIOException

open
Exception:
  type: IPCIOException

open
Exception:
  type: IPCIOException

open
Exception:
  type: IPCIOException

open
Exception:
  type: IPCIOException
ERROR OUTPUT: err output
