Caught OpenWBEM::Exception:
  type: PrivilegeManagerException
  msg:  CheckException: monitoredSpawn: insufficient privileges
