User: owprovdr

readDirectory
  .
  ..
  app-exists
  bar
  foo
  in-out-exists
  in-out-exists-ate
  in-out-trunc-exists
  link-exists
  out-exists
  out-trunc-exists
  rename1
  rename2
  these-are-the-link-contents
  unlink-exists

readDirectory
  app-exists
  bar
  foo
  in-out-exists
  in-out-exists-ate
  in-out-trunc-exists
  link-exists
  out-exists
  out-trunc-exists
  rename1
  rename2
  these-are-the-link-contents
  unlink-exists

readDirectory
Exception:
  type: CheckException
  msg:  PrivilegeManager::readDirectory: could not read /dir/doesnt/exist/

readDirectory
Exception:
  type: CheckException
  msg:  PrivilegeManager::readDirectory: could not read /dir/doesnt/exist/

rename
SKIPPED

rename
SKIPPED

rename
SKIPPED

rename
SKIPPED

unlink
SKIPPED

unlink
SKIPPED

unlink
SKIPPED

open
  Hokey smokes, Bullwinkle!


open

open

open

open

open

open

open
  xxxtle Bo Peep has lost her sheep


open
Privman::open_handle failed
  

open
  yyy

open
  This-is-the-song-that-never-ends

open
  Little Bo Peep has lost her sheep
xxx

userSpawn
SKIPPED

userSpawn
SKIPPED

monitoredSpawn
SKIPPED
