Caught OpenWBEM::Exception:
  type: PrivilegeManagerException
  msg:  PrivilegeManager::PrivilegeManager: config_dir is insecure
