User: owprovdr

readLink
Exception:
  type: PrivilegeManagerException
  msg:  CheckException: readLink: insufficient privileges

readLink
Exception:
  type: IPCIOException
