User: owprovdr

unlink
Exception:
  type: PrivilegeManagerException
  msg:  CheckException: unlink: insufficient privileges

unlink
Exception:
  type: IPCIOException
